// Jest Snapshot v1, https://goo.gl/fbAQLP

exports[`basic enum 1`] = `
Array [
  Object {
    "code": "import { UserResolvers } from \\"[TEMPLATE-INTERFACES-PATH]\\";
import { TypeMap } from \\"./types/TypeMap\\";

export type UserType = \\"ADMIN\\" | \\"EDITOR\\" | \\"COLLABORATOR\\";

export interface UserParent {
  id: string;
  name: string;
  type: UserType;
}

export const User: UserResolvers.Type<TypeMap> = {
  id: parent => parent.id,
  name: parent => parent.name,
  type: parent => parent.type
};
",
    "force": false,
    "path": "User.ts",
  },
  Object {
    "code": "export interface Context {}
",
    "force": false,
    "path": "types/Context.ts",
  },
  Object {
    "code": "import { ITypeMap } from \\"../[TEMPLATE-INTERFACES-PATH]\\";

import { UserParent } from \\"../User\\";

import { Context } from \\"./Context\\";

export interface TypeMap extends ITypeMap {
  Context: Context;
  UserParent: UserParent;
}
",
    "force": true,
    "path": "types/TypeMap.ts",
  },
  Object {
    "code": "import { IResolvers } from \\"[TEMPLATE-INTERFACES-PATH]\\";
import { TypeMap } from \\"./types/TypeMap\\";

import { User } from \\"./User\\";

export const resolvers: IResolvers<TypeMap> = {
  User
};
",
    "force": false,
    "path": "index.ts",
  },
]
`;

exports[`basic scalar 1`] = `
Array [
  Object {
    "code": "import { AddMemberPayloadResolvers } from \\"[TEMPLATE-INTERFACES-PATH]\\";
import { TypeMap } from \\"./types/TypeMap\\";

export interface AddMemberPayloadParent {
  json?: string;
}

export const AddMemberPayload: AddMemberPayloadResolvers.Type<TypeMap> = {
  json: parent => parent.json
};
",
    "force": false,
    "path": "AddMemberPayload.ts",
  },
  Object {
    "code": "import { MutationResolvers } from \\"[TEMPLATE-INTERFACES-PATH]\\";
import { TypeMap } from \\"./types/TypeMap\\";

export interface MutationParent {}

export const Mutation: MutationResolvers.Type<TypeMap> = {
  addMember: (parent, args) => {
    throw new Error(\\"Resolver not implemented\\");
  }
};
",
    "force": false,
    "path": "Mutation.ts",
  },
  Object {
    "code": "export interface Context {}
",
    "force": false,
    "path": "types/Context.ts",
  },
  Object {
    "code": "import { ITypeMap } from \\"../[TEMPLATE-INTERFACES-PATH]\\";

import { AddMemberPayloadParent } from \\"../AddMemberPayload\\";
import { MutationParent } from \\"../Mutation\\";

import { Context } from \\"./Context\\";

export interface TypeMap extends ITypeMap {
  Context: Context;
  AddMemberPayloadParent: AddMemberPayloadParent;
  MutationParent: MutationParent;
}
",
    "force": true,
    "path": "types/TypeMap.ts",
  },
  Object {
    "code": "import { IResolvers } from \\"[TEMPLATE-INTERFACES-PATH]\\";
import { TypeMap } from \\"./types/TypeMap\\";

import { AddMemberPayload } from \\"./AddMemberPayload\\";
import { Mutation } from \\"./Mutation\\";

export const resolvers: IResolvers<TypeMap> = {
  AddMemberPayload,
  Mutation
};
",
    "force": false,
    "path": "index.ts",
  },
]
`;

exports[`basic schema 1`] = `
Array [
  Object {
    "code": "import { NumberResolvers } from \\"[TEMPLATE-INTERFACES-PATH]\\";
import { TypeMap } from \\"./types/TypeMap\\";

export interface NumberParent {
  id?: string;
  value?: number;
}

export const Number: NumberResolvers.Type<TypeMap> = {
  id: parent => parent.id,
  value: parent => parent.value
};
",
    "force": false,
    "path": "Number.ts",
  },
  Object {
    "code": "import { QueryResolvers } from \\"[TEMPLATE-INTERFACES-PATH]\\";
import { TypeMap } from \\"./types/TypeMap\\";

export interface QueryParent {}

export const Query: QueryResolvers.Type<TypeMap> = {
  id: parent => null,
  custom_required: parent => {
    throw new Error(\\"Resolver not implemented\\");
  },
  custom_nullable: parent => null,
  custom_array_nullable: parent => null,
  custom_array_required: parent => {
    throw new Error(\\"Resolver not implemented\\");
  },
  custom_with_arg: (parent, args) => {
    throw new Error(\\"Resolver not implemented\\");
  },
  custom_with_custom_arg: (parent, args) => {
    throw new Error(\\"Resolver not implemented\\");
  },
  scalar_required: parent => false,
  scalar_nullable: parent => null,
  scalar_array_nullable: parent => null,
  scalar_array_required: parent => [],
  scalar_with_arg: (parent, args) => false,
  scalar_with_custom_arg: (parent, args) => false
};
",
    "force": false,
    "path": "Query.ts",
  },
  Object {
    "code": "export interface Context {}
",
    "force": false,
    "path": "types/Context.ts",
  },
  Object {
    "code": "import { ITypeMap } from \\"../[TEMPLATE-INTERFACES-PATH]\\";

import { QueryParent } from \\"../Query\\";
import { NumberParent } from \\"../Number\\";

import { Context } from \\"./Context\\";

export interface TypeMap extends ITypeMap {
  Context: Context;
  QueryParent: QueryParent;
  NumberParent: NumberParent;
}
",
    "force": true,
    "path": "types/TypeMap.ts",
  },
  Object {
    "code": "import { IResolvers } from \\"[TEMPLATE-INTERFACES-PATH]\\";
import { TypeMap } from \\"./types/TypeMap\\";

import { Query } from \\"./Query\\";
import { Number } from \\"./Number\\";

export const resolvers: IResolvers<TypeMap> = {
  Query,
  Number
};
",
    "force": false,
    "path": "index.ts",
  },
]
`;

exports[`basic union 1`] = `
Array [
  Object {
    "code": "import { UserResolvers } from \\"[TEMPLATE-INTERFACES-PATH]\\";
import { TypeMap } from \\"./types/TypeMap\\";

import { StudentParent } from \\"./Student\\";
import { ProfessorParent } from \\"./Professor\\";

export type UserType = StudentParent | ProfessorParent;

export interface UserParent {
  id: string;
  name: string;
  type: UserType;
}

export const User: UserResolvers.Type<TypeMap> = {
  id: parent => parent.id,
  name: parent => parent.name,
  type: parent => parent.type
};
",
    "force": false,
    "path": "User.ts",
  },
  Object {
    "code": "import { StudentResolvers } from \\"[TEMPLATE-INTERFACES-PATH]\\";
import { TypeMap } from \\"./types/TypeMap\\";

export interface StudentParent {
  age: number;
}

export const Student: StudentResolvers.Type<TypeMap> = {
  age: parent => parent.age
};
",
    "force": false,
    "path": "Student.ts",
  },
  Object {
    "code": "import { ProfessorResolvers } from \\"[TEMPLATE-INTERFACES-PATH]\\";
import { TypeMap } from \\"./types/TypeMap\\";

export interface ProfessorParent {
  degree?: string;
}

export const Professor: ProfessorResolvers.Type<TypeMap> = {
  degree: parent => parent.degree
};
",
    "force": false,
    "path": "Professor.ts",
  },
  Object {
    "code": "export interface Context {}
",
    "force": false,
    "path": "types/Context.ts",
  },
  Object {
    "code": "import { ITypeMap } from \\"../[TEMPLATE-INTERFACES-PATH]\\";

import { UserParent } from \\"../User\\";
import { StudentParent } from \\"../Student\\";
import { ProfessorParent } from \\"../Professor\\";

import { Context } from \\"./Context\\";

export interface TypeMap extends ITypeMap {
  Context: Context;
  UserParent: UserParent;
  StudentParent: StudentParent;
  ProfessorParent: ProfessorParent;
}
",
    "force": true,
    "path": "types/TypeMap.ts",
  },
  Object {
    "code": "import { IResolvers } from \\"[TEMPLATE-INTERFACES-PATH]\\";
import { TypeMap } from \\"./types/TypeMap\\";

import { User } from \\"./User\\";
import { Student } from \\"./Student\\";
import { Professor } from \\"./Professor\\";

export const resolvers: IResolvers<TypeMap> = {
  User,
  Student,
  Professor
};
",
    "force": false,
    "path": "index.ts",
  },
]
`;
