// Jest Snapshot v1, https://goo.gl/fbAQLP

exports[`large schema 1`] = `
"module Data = {
  type query = {.};

  type mutation = {.};

  type viewer = {.};

  type authPayload = {. \\"token\\": string};

  type mutationResult = {. \\"success\\": bool};

  type experiencesByCity = {.};

  type home = {
    .
    \\"id\\": string,
    \\"name\\": string,
    \\"description\\": string,
    \\"numRatings\\": int,
    \\"avgRating\\": float,
    \\"perNight\\": int,
  };

  type reservation = {
    .
    \\"id\\": string,
    \\"title\\": string,
    \\"avgPricePerPerson\\": int,
    \\"isCurated\\": bool,
    \\"slug\\": string,
    \\"popularity\\": int,
  };

  type experience = {
    .
    \\"id\\": string,
    \\"title\\": string,
    \\"pricePerPerson\\": int,
    \\"popularity\\": int,
  };

  type review = {
    .
    \\"accuracy\\": int,
    \\"checkIn\\": int,
    \\"cleanliness\\": int,
    \\"communication\\": int,
    \\"createdAt\\": string,
    \\"id\\": string,
    \\"location\\": int,
    \\"stars\\": int,
    \\"text\\": string,
    \\"value\\": int,
  };

  type neighbourhood = {
    .
    \\"id\\": string,
    \\"name\\": string,
    \\"slug\\": string,
    \\"featured\\": bool,
    \\"popularity\\": int,
  };

  type location = {
    .
    \\"id\\": string,
    \\"lat\\": float,
    \\"lng\\": float,
    \\"address\\": string,
    \\"directions\\": string,
  };

  type video = {
    .
    \\"id\\": string,
    \\"name\\": string,
    \\"duration\\": int,
  };

  type picture = {
    .
    \\"id\\": string,
    \\"url\\": string,
    \\"width\\": int,
    \\"height\\": int,
  };

  type city = {
    .
    \\"id\\": string,
    \\"name\\": string,
  };

  type experienceCategory = {
    .
    \\"id\\": string,
    \\"mainColor\\": string,
    \\"name\\": string,
  };

  type user = {
    .
    \\"createdAt\\": string,
    \\"email\\": string,
    \\"firstName\\": string,
    \\"id\\": string,
    \\"isSuperHost\\": bool,
    \\"lastName\\": string,
    \\"phone\\": string,
    \\"responseRate\\": float,
    \\"responseTime\\": int,
    \\"updatedAt\\": string,
    \\"token\\": string,
  };

  type paymentAccount = {
    .
    \\"id\\": string,
    \\"createdAt\\": string,
  };

  type place = {
    .
    \\"id\\": string,
    \\"name\\": string,
    \\"shortDescription\\": string,
    \\"description\\": string,
    \\"slug\\": string,
    \\"maxGuests\\": int,
    \\"numBedrooms\\": int,
    \\"numBeds\\": int,
    \\"numBaths\\": int,
    \\"popularity\\": int,
  };

  type booking = {
    .
    \\"id\\": string,
    \\"createdAt\\": string,
    \\"startDate\\": string,
    \\"endDate\\": string,
  };

  type notification = {
    .
    \\"createdAt\\": string,
    \\"id\\": string,
    \\"link\\": string,
    \\"readDate\\": string,
  };

  type payment = {
    .
    \\"createdAt\\": string,
    \\"id\\": string,
    \\"serviceFee\\": float,
  };

  type paypalInformation = {
    .
    \\"createdAt\\": string,
    \\"email\\": string,
    \\"id\\": string,
  };

  type creditCardInformation = {
    .
    \\"cardNumber\\": string,
    \\"country\\": string,
    \\"createdAt\\": string,
    \\"expiresOnMonth\\": int,
    \\"expiresOnYear\\": int,
    \\"firstName\\": string,
    \\"id\\": string,
    \\"lastName\\": string,
    \\"postalCode\\": string,
    \\"securityCode\\": string,
  };

  type message = {
    .
    \\"createdAt\\": string,
    \\"deliveredAt\\": string,
    \\"id\\": string,
    \\"readAt\\": string,
  };

  type pricing = {
    .
    \\"averageMonthly\\": int,
    \\"averageWeekly\\": int,
    \\"basePrice\\": int,
    \\"cleaningFee\\": int,
    \\"extraGuests\\": int,
    \\"id\\": string,
    \\"monthlyDiscount\\": int,
    \\"perNight\\": int,
    \\"securityDeposit\\": int,
    \\"smartPricing\\": bool,
    \\"weekendPricing\\": int,
    \\"weeklyDiscount\\": int,
  };

  type placeViews = {
    .
    \\"id\\": string,
    \\"lastWeek\\": int,
  };

  type guestRequirements = {
    .
    \\"govIssuedId\\": bool,
    \\"guestTripInformation\\": bool,
    \\"id\\": string,
    \\"recommendationsFromOtherHosts\\": bool,
  };

  type policies = {
    .
    \\"checkInEndTime\\": float,
    \\"checkInStartTime\\": float,
    \\"checkoutTime\\": float,
    \\"createdAt\\": string,
    \\"id\\": string,
    \\"updatedAt\\": string,
  };

  type houseRules = {
    .
    \\"additionalRules\\": string,
    \\"createdAt\\": string,
    \\"id\\": string,
    \\"partiesAndEventsAllowed\\": bool,
    \\"petsAllowed\\": bool,
    \\"smokingAllowed\\": bool,
    \\"suitableForChildren\\": bool,
    \\"suitableForInfants\\": bool,
    \\"updatedAt\\": string,
  };

  type amenities = {
    .
    \\"airConditioning\\": bool,
    \\"babyBath\\": bool,
    \\"babyMonitor\\": bool,
    \\"babysitterRecommendations\\": bool,
    \\"bathtub\\": bool,
    \\"breakfast\\": bool,
    \\"buzzerWirelessIntercom\\": bool,
    \\"cableTv\\": bool,
    \\"changingTable\\": bool,
    \\"childrensBooksAndToys\\": bool,
    \\"childrensDinnerware\\": bool,
    \\"crib\\": bool,
    \\"doorman\\": bool,
    \\"dryer\\": bool,
    \\"elevator\\": bool,
    \\"essentials\\": bool,
    \\"familyKidFriendly\\": bool,
    \\"freeParkingOnPremises\\": bool,
    \\"freeParkingOnStreet\\": bool,
    \\"gym\\": bool,
    \\"hairDryer\\": bool,
    \\"hangers\\": bool,
    \\"heating\\": bool,
    \\"hotTub\\": bool,
    \\"id\\": string,
    \\"indoorFireplace\\": bool,
    \\"internet\\": bool,
    \\"iron\\": bool,
    \\"kitchen\\": bool,
    \\"laptopFriendlyWorkspace\\": bool,
    \\"paidParkingOffPremises\\": bool,
    \\"petsAllowed\\": bool,
    \\"pool\\": bool,
    \\"privateEntrance\\": bool,
    \\"shampoo\\": bool,
    \\"smokingAllowed\\": bool,
    \\"suitableForEvents\\": bool,
    \\"tv\\": bool,
    \\"washer\\": bool,
    \\"wheelchairAccessible\\": bool,
    \\"wirelessInternet\\": bool,
  };
};

module Query = {
  type homesInPriceRangeArgument = {
    .
    \\"min\\": Js.Array.t(Data.home),
    \\"max\\": Js.Array.t(Data.home),
  };

  type experiencesByCityArgument = {
    .
    \\"cities\\": Js.Array.t(Data.experiencesByCity),
  };

  type parent;
  type args;
  type context;
  type info;

  type resolvers = {
    .
    \\"topExperiences\\":
      (parent, args, context, info) => Js.Array.t(Data.experience),
    \\"topHomes\\": (parent, args, context, info) => Js.Array.t(Data.home),
    \\"homesInPriceRange\\":
      (parent, homesInPriceRangeArgument, context, info) =>
      Js.Array.t(Data.home),
    \\"topReservations\\":
      (parent, args, context, info) => Js.Array.t(Data.reservation),
    \\"featuredDestinations\\":
      (parent, args, context, info) => Js.Array.t(Data.neighbourhood),
    \\"experiencesByCity\\":
      (parent, experiencesByCityArgument, context, info) =>
      Js.Array.t(Data.experiencesByCity),
    \\"viewer\\": (parent, args, context, info) => Data.viewer,
    \\"myLocation\\": (parent, args, context, info) => Data.location,
  };
};

module Mutation = {
  type signupArgument = {
    .
    \\"email\\": Data.authPayload,
    \\"password\\": Data.authPayload,
    \\"firstName\\": Data.authPayload,
    \\"lastName\\": Data.authPayload,
    \\"phone\\": Data.authPayload,
  };

  type loginArgument = {
    .
    \\"email\\": Data.authPayload,
    \\"password\\": Data.authPayload,
  };

  type addPaymentMethodArgument = {
    .
    \\"cardNumber\\": Data.mutationResult,
    \\"expiresOnMonth\\": Data.mutationResult,
    \\"expiresOnYear\\": Data.mutationResult,
    \\"securityCode\\": Data.mutationResult,
    \\"firstName\\": Data.mutationResult,
    \\"lastName\\": Data.mutationResult,
    \\"postalCode\\": Data.mutationResult,
    \\"country\\": Data.mutationResult,
  };

  type bookArgument = {
    .
    \\"placeId\\": Data.mutationResult,
    \\"checkIn\\": Data.mutationResult,
    \\"checkOut\\": Data.mutationResult,
    \\"numGuests\\": Data.mutationResult,
  };

  type parent;
  type args;
  type context;
  type info;

  type resolvers = {
    .
    \\"signup\\": (parent, signupArgument, context, info) => Data.authPayload,
    \\"login\\": (parent, loginArgument, context, info) => Data.authPayload,
    \\"addPaymentMethod\\":
      (parent, addPaymentMethodArgument, context, info) => Data.mutationResult,
    \\"book\\": (parent, bookArgument, context, info) => Data.mutationResult,
  };
};

module Viewer = {
  type parent;
  type args;
  type context;
  type info;

  type resolvers = {
    .
    \\"me\\": (parent, args, context, info) => Data.user,
    \\"bookings\\": (parent, args, context, info) => Js.Array.t(Data.booking),
  };
};

module AuthPayload = {
  type parent;
  type args;
  type context;
  type info;

  type resolvers = {. \\"user\\": (parent, args, context, info) => Data.user};
};

module MutationResult = {
  type parent;
  type args;
  type context;
  type info;

  type resolvers = {.};
};

module ExperiencesByCity = {
  type parent;
  type args;
  type context;
  type info;

  type resolvers = {
    .
    \\"experiences\\":
      (parent, args, context, info) => Js.Array.t(Data.experience),
    \\"city\\": (parent, args, context, info) => Data.city,
  };
};

module Home = {
  type mediaArgument = {. \\"first\\": Js.Array.t(Data.media)};

  type parent;
  type args;
  type context;
  type info;

  type resolvers = {
    .
    \\"media\\": (parent, mediaArgument, context, info) => Js.Array.t(Data.media),
  };
};

module Reservation = {
  type parent;
  type args;
  type context;
  type info;

  type resolvers = {
    .
    \\"pictures\\": (parent, args, context, info) => Js.Array.t(Data.picture),
    \\"location\\": (parent, args, context, info) => Data.location,
  };
};

module Experience = {
  type parent;
  type args;
  type context;
  type info;

  type resolvers = {
    .
    \\"category\\": (parent, args, context, info) => Data.experienceCategory,
    \\"location\\": (parent, args, context, info) => Data.location,
    \\"reviews\\": (parent, args, context, info) => Js.Array.t(Data.review),
    \\"preview\\": (parent, args, context, info) => Data.picture,
  };
};

module Review = {
  type parent;
  type args;
  type context;
  type info;

  type resolvers = {.};
};

module Neighbourhood = {
  type parent;
  type args;
  type context;
  type info;

  type resolvers = {
    .
    \\"homePreview\\": (parent, args, context, info) => Data.picture,
    \\"city\\": (parent, args, context, info) => Data.city,
  };
};

module Location = {
  type parent;
  type args;
  type context;
  type info;

  type resolvers = {.};
};

module Video = {
  type parent;
  type args;
  type context;
  type info;

  type resolvers = {.};
};

module Picture = {
  type parent;
  type args;
  type context;
  type info;

  type resolvers = {.};
};

module City = {
  type parent;
  type args;
  type context;
  type info;

  type resolvers = {.};
};

module ExperienceCategory = {
  type parent;
  type args;
  type context;
  type info;

  type resolvers = {
    .
    \\"experience\\": (parent, args, context, info) => Data.experience,
  };
};

module User = {
  type parent;
  type args;
  type context;
  type info;

  type resolvers = {
    .
    \\"bookings\\": (parent, args, context, info) => Js.Array.t(Data.booking),
    \\"hostingExperiences\\":
      (parent, args, context, info) => Js.Array.t(Data.experience),
    \\"location\\": (parent, args, context, info) => Data.location,
    \\"notifications\\":
      (parent, args, context, info) => Js.Array.t(Data.notification),
    \\"ownedPlaces\\": (parent, args, context, info) => Js.Array.t(Data.place),
    \\"paymentAccount\\":
      (parent, args, context, info) => Js.Array.t(Data.paymentAccount),
    \\"profilePicture\\": (parent, args, context, info) => Data.picture,
    \\"receivedMessages\\":
      (parent, args, context, info) => Js.Array.t(Data.message),
    \\"sentMessages\\": (parent, args, context, info) => Js.Array.t(Data.message),
  };
};

module PaymentAccount = {
  type parent;
  type args;
  type context;
  type info;

  type resolvers = {
    .
    \\"type\\": (parent, args, context, info) => Data.paymentProvider,
    \\"user\\": (parent, args, context, info) => Data.user,
    \\"payments\\": (parent, args, context, info) => Js.Array.t(Data.payment),
    \\"paypal\\": (parent, args, context, info) => Data.paypalInformation,
    \\"creditcard\\": (parent, args, context, info) => Data.creditCardInformation,
  };
};

module Place = {
  type parent;
  type args;
  type context;
  type info;

  type resolvers = {
    .
    \\"size\\": (parent, args, context, info) => Data.placeSizes,
    \\"reviews\\": (parent, args, context, info) => Js.Array.t(Data.review),
    \\"amenities\\": (parent, args, context, info) => Data.amenities,
    \\"host\\": (parent, args, context, info) => Data.user,
    \\"pricing\\": (parent, args, context, info) => Data.pricing,
    \\"location\\": (parent, args, context, info) => Data.location,
    \\"views\\": (parent, args, context, info) => Data.placeViews,
    \\"guestRequirements\\":
      (parent, args, context, info) => Data.guestRequirements,
    \\"policies\\": (parent, args, context, info) => Data.policies,
    \\"houseRules\\": (parent, args, context, info) => Data.houseRules,
    \\"bookings\\": (parent, args, context, info) => Js.Array.t(Data.booking),
    \\"pictures\\": (parent, args, context, info) => Js.Array.t(Data.picture),
  };
};

module Booking = {
  type parent;
  type args;
  type context;
  type info;

  type resolvers = {
    .
    \\"bookee\\": (parent, args, context, info) => Data.user,
    \\"place\\": (parent, args, context, info) => Data.place,
    \\"payment\\": (parent, args, context, info) => Data.payment,
  };
};

module Notification = {
  type parent;
  type args;
  type context;
  type info;

  type resolvers = {
    .
    \\"type\\": (parent, args, context, info) => Data.notificationType,
    \\"user\\": (parent, args, context, info) => Data.user,
  };
};

module Payment = {
  type parent;
  type args;
  type context;
  type info;

  type resolvers = {
    .
    \\"booking\\": (parent, args, context, info) => Data.booking,
    \\"paymentMethod\\": (parent, args, context, info) => Data.paymentAccount,
  };
};

module PaypalInformation = {
  type parent;
  type args;
  type context;
  type info;

  type resolvers = {
    .
    \\"paymentAccount\\": (parent, args, context, info) => Data.paymentAccount,
  };
};

module CreditCardInformation = {
  type parent;
  type args;
  type context;
  type info;

  type resolvers = {
    .
    \\"paymentAccount\\": (parent, args, context, info) => Data.paymentAccount,
  };
};

module Message = {
  type parent;
  type args;
  type context;
  type info;

  type resolvers = {.};
};

module Pricing = {
  type parent;
  type args;
  type context;
  type info;

  type resolvers = {
    .
    \\"currency\\": (parent, args, context, info) => Data.currency,
  };
};

module PlaceViews = {
  type parent;
  type args;
  type context;
  type info;

  type resolvers = {.};
};

module GuestRequirements = {
  type parent;
  type args;
  type context;
  type info;

  type resolvers = {.};
};

module Policies = {
  type parent;
  type args;
  type context;
  type info;

  type resolvers = {.};
};

module HouseRules = {
  type parent;
  type args;
  type context;
  type info;

  type resolvers = {.};
};

module Amenities = {
  type parent;
  type args;
  type context;
  type info;

  type resolvers = {.};
};
"
`;
